warning: function `reconstruct_sql` is never used
  --> src/transpiler.rs:85:4
   |
85 | fn reconstruct_sql(node: &Node) -> String {
   |    ^^^^^^^^^^^^^^^
   |
   = note: `#[warn(dead_code)]` (part of `#[warn(unused)]`) on by default

warning: `postgresqlite` (lib) generated 1 warning
warning: `postgresqlite` (lib test) generated 1 warning (1 duplicate)
warning: hiding a lifetime that's elided elsewhere is confusing
  --> src/main.rs:38:22
   |
38 |     fn execute_query(&self, sql: &str) -> Result<Vec<Response>> {
   |                      ^^^^^                           ^^^^^^^^ the same lifetime is hidden here
   |                      |
   |                      the lifetime is elided here
   |
   = help: the same lifetime is referred to in inconsistent ways, making the signature confusing
   = note: `#[warn(mismatched_lifetime_syntaxes)]` on by default
help: use `'_` for type paths
   |
38 |     fn execute_query(&self, sql: &str) -> Result<Vec<Response<'_>>> {
   |                                                              ++++

warning: hiding a lifetime that's elided elsewhere is confusing
  --> src/main.rs:72:23
   |
72 |     fn execute_select(&self, conn: &Connection, sql: &str) -> Result<Vec<Response>> {
   |                       ^^^^^ the lifetime is elided here                  ^^^^^^^^ the same lifetime is hidden here
   |
   = help: the same lifetime is referred to in inconsistent ways, making the signature confusing
help: use `'_` for type paths
   |
72 |     fn execute_select(&self, conn: &Connection, sql: &str) -> Result<Vec<Response<'_>>> {
   |                                                                                  ++++

warning: hiding a lifetime that's elided elsewhere is confusing
   --> src/main.rs:111:26
    |
111 |     fn execute_statement(&self, conn: &Connection, sql: &str) -> Result<Vec<Response>> {
    |                          ^^^^^ the lifetime is elided here                  ^^^^^^^^ the same lifetime is hidden here
    |
    = help: the same lifetime is referred to in inconsistent ways, making the signature confusing
help: use `'_` for type paths
    |
111 |     fn execute_statement(&self, conn: &Connection, sql: &str) -> Result<Vec<Response<'_>>> {
    |                                                                                     ++++

warning: `postgresqlite` (bin "postgresqlite" test) generated 4 warnings (1 duplicate) (run `cargo fix --bin "postgresqlite" --tests` to apply 3 suggestions)
    Finished `test` profile [unoptimized + debuginfo] target(s) in 0.24s
     Running unittests src/lib.rs (target/debug/deps/postgresqlite-66e3791a3764df7f)

running 2 tests
test transpiler::operator_tests::test_transpile_operators ... ok
test transpiler::operator_tests::test_transpile_cast ... ok

test result: ok. 2 passed; 0 failed; 0 ignored; 0 measured; 18 filtered out; finished in 0.01s

     Running unittests src/main.rs (target/debug/deps/postgresqlite-88199f654fc24f58)

running 2 tests
test transpiler::operator_tests::test_transpile_operators ... ok
test transpiler::operator_tests::test_transpile_cast ... ok

test result: ok. 2 passed; 0 failed; 0 ignored; 0 measured; 20 filtered out; finished in 0.01s

